1738056829.294003 client started (156488): version 3.5a, socket /tmp/tmux-1000/default, protocol 8
1738056829.294049 on Linux 6.12.4-arch1-1 #1 SMP PREEMPT_DYNAMIC Mon, 09 Dec 2024 14:31:57 +0000
1738056829.294059 using libevent 2.1.12-stable poll
1738056829.294065 using ncurses 6.5 20240427
1738056829.294100 flags are 0x10010000
1738056829.294127 socket is /tmp/tmux-1000/default
1738056829.294153 trying connect
1738056829.294279 add peer 0x5e1c7d434760: 6 ((nil))
1738056829.294380 sending message 111 to peer 0x5e1c7d434760 (8 bytes)
1738056829.294396 sending message 111 to peer 0x5e1c7d434760 (8 bytes)
1738056829.294404 sending message 101 to peer 0x5e1c7d434760 (14 bytes)
1738056829.294410 sending message 109 to peer 0x5e1c7d434760 (4 bytes)
1738056829.294416 sending message 102 to peer 0x5e1c7d434760 (1 bytes)
1738056829.294423 sending message 108 to peer 0x5e1c7d434760 (26 bytes)
1738056829.294433 sending message 104 to peer 0x5e1c7d434760 (0 bytes)
1738056829.294441 sending message 110 to peer 0x5e1c7d434760 (0 bytes)
1738056829.294450 sending message 107 to peer 0x5e1c7d434760 (4 bytes)
1738056829.294456 sending message 105 to peer 0x5e1c7d434760 (12 bytes)
1738056829.294464 sending message 105 to peer 0x5e1c7d434760 (101 bytes)
1738056829.294471 sending message 105 to peer 0x5e1c7d434760 (20 bytes)
1738056829.294478 sending message 105 to peer 0x5e1c7d434760 (15 bytes)
1738056829.294487 sending message 105 to peer 0x5e1c7d434760 (109 bytes)
1738056829.294497 sending message 105 to peer 0x5e1c7d434760 (35 bytes)
1738056829.294504 sending message 105 to peer 0x5e1c7d434760 (23 bytes)
1738056829.294511 sending message 105 to peer 0x5e1c7d434760 (54 bytes)
1738056829.294517 sending message 105 to peer 0x5e1c7d434760 (89 bytes)
1738056829.294524 sending message 105 to peer 0x5e1c7d434760 (87 bytes)
1738056829.294531 sending message 105 to peer 0x5e1c7d434760 (20 bytes)
1738056829.294537 sending message 105 to peer 0x5e1c7d434760 (26 bytes)
1738056829.294544 sending message 105 to peer 0x5e1c7d434760 (50 bytes)
1738056829.294551 sending message 105 to peer 0x5e1c7d434760 (20 bytes)
1738056829.294557 sending message 105 to peer 0x5e1c7d434760 (43 bytes)
1738056829.294563 sending message 105 to peer 0x5e1c7d434760 (14 bytes)
1738056829.294571 sending message 105 to peer 0x5e1c7d434760 (58 bytes)
1738056829.294578 sending message 105 to peer 0x5e1c7d434760 (93 bytes)
1738056829.294585 sending message 105 to peer 0x5e1c7d434760 (18 bytes)
1738056829.294591 sending message 105 to peer 0x5e1c7d434760 (38 bytes)
1738056829.294598 sending message 105 to peer 0x5e1c7d434760 (33 bytes)
1738056829.294604 sending message 105 to peer 0x5e1c7d434760 (60 bytes)
1738056829.294611 sending message 105 to peer 0x5e1c7d434760 (22 bytes)
1738056829.294617 sending message 105 to peer 0x5e1c7d434760 (25 bytes)
1738056829.294624 sending message 105 to peer 0x5e1c7d434760 (29 bytes)
1738056829.294630 sending message 105 to peer 0x5e1c7d434760 (11 bytes)
1738056829.294637 sending message 105 to peer 0x5e1c7d434760 (34 bytes)
1738056829.294643 sending message 105 to peer 0x5e1c7d434760 (23 bytes)
1738056829.294650 sending message 105 to peer 0x5e1c7d434760 (44 bytes)
1738056829.294656 sending message 105 to peer 0x5e1c7d434760 (15 bytes)
1738056829.294663 sending message 105 to peer 0x5e1c7d434760 (93 bytes)
1738056829.294670 sending message 105 to peer 0x5e1c7d434760 (11 bytes)
1738056829.294676 sending message 105 to peer 0x5e1c7d434760 (28 bytes)
1738056829.294683 sending message 105 to peer 0x5e1c7d434760 (30 bytes)
1738056829.294689 sending message 105 to peer 0x5e1c7d434760 (89 bytes)
1738056829.294697 sending message 105 to peer 0x5e1c7d434760 (13 bytes)
1738056829.294703 sending message 105 to peer 0x5e1c7d434760 (8 bytes)
1738056829.294710 sending message 105 to peer 0x5e1c7d434760 (35 bytes)
1738056829.294718 sending message 105 to peer 0x5e1c7d434760 (22 bytes)
1738056829.294724 sending message 105 to peer 0x5e1c7d434760 (91 bytes)
1738056829.294731 sending message 105 to peer 0x5e1c7d434760 (107 bytes)
1738056829.294738 sending message 105 to peer 0x5e1c7d434760 (30 bytes)
1738056829.294763 sending message 105 to peer 0x5e1c7d434760 (38 bytes)
1738056829.294770 sending message 105 to peer 0x5e1c7d434760 (19 bytes)
1738056829.294777 sending message 105 to peer 0x5e1c7d434760 (15 bytes)
1738056829.294783 sending message 105 to peer 0x5e1c7d434760 (47 bytes)
1738056829.294790 sending message 105 to peer 0x5e1c7d434760 (25 bytes)
1738056829.294797 sending message 105 to peer 0x5e1c7d434760 (85 bytes)
1738056829.294803 sending message 105 to peer 0x5e1c7d434760 (18 bytes)
1738056829.294810 sending message 105 to peer 0x5e1c7d434760 (29 bytes)
1738056829.294817 sending message 105 to peer 0x5e1c7d434760 (32 bytes)
1738056829.294823 sending message 105 to peer 0x5e1c7d434760 (33 bytes)
1738056829.294830 sending message 105 to peer 0x5e1c7d434760 (17 bytes)
1738056829.294836 sending message 105 to peer 0x5e1c7d434760 (21 bytes)
1738056829.294843 sending message 105 to peer 0x5e1c7d434760 (18 bytes)
1738056829.294850 sending message 105 to peer 0x5e1c7d434760 (20 bytes)
1738056829.294856 sending message 105 to peer 0x5e1c7d434760 (24 bytes)
1738056829.294862 sending message 105 to peer 0x5e1c7d434760 (89 bytes)
1738056829.294877 sending message 105 to peer 0x5e1c7d434760 (15 bytes)
1738056829.294884 sending message 105 to peer 0x5e1c7d434760 (26 bytes)
1738056829.294891 sending message 105 to peer 0x5e1c7d434760 (19 bytes)
1738056829.294897 sending message 105 to peer 0x5e1c7d434760 (60 bytes)
1738056829.294904 sending message 105 to peer 0x5e1c7d434760 (52 bytes)
1738056829.294911 sending message 105 to peer 0x5e1c7d434760 (85 bytes)
1738056829.294917 sending message 105 to peer 0x5e1c7d434760 (30 bytes)
1738056829.294924 sending message 105 to peer 0x5e1c7d434760 (49 bytes)
1738056829.294930 sending message 105 to peer 0x5e1c7d434760 (91 bytes)
1738056829.294937 sending message 105 to peer 0x5e1c7d434760 (16 bytes)
1738056829.294943 sending message 105 to peer 0x5e1c7d434760 (95 bytes)
1738056829.294950 sending message 105 to peer 0x5e1c7d434760 (25 bytes)
1738056829.294956 sending message 105 to peer 0x5e1c7d434760 (91 bytes)
1738056829.294963 sending message 105 to peer 0x5e1c7d434760 (12 bytes)
1738056829.294970 sending message 105 to peer 0x5e1c7d434760 (486 bytes)
1738056829.294977 sending message 105 to peer 0x5e1c7d434760 (93 bytes)
1738056829.294984 sending message 105 to peer 0x5e1c7d434760 (87 bytes)
1738056829.294991 sending message 105 to peer 0x5e1c7d434760 (23 bytes)
1738056829.294998 sending message 105 to peer 0x5e1c7d434760 (93 bytes)
1738056829.295005 sending message 105 to peer 0x5e1c7d434760 (95 bytes)
1738056829.295011 sending message 105 to peer 0x5e1c7d434760 (27 bytes)
1738056829.295018 sending message 105 to peer 0x5e1c7d434760 (31 bytes)
1738056829.295024 sending message 106 to peer 0x5e1c7d434760 (0 bytes)
1738056829.295102 sending message 200 to peer 0x5e1c7d434760 (4 bytes)
1738056829.295122 client loop enter
1738056829.296383 peer 0x5e1c7d434760 message 303
1738056829.296403 open write file 2 -
1738056829.296419 sending message 305 to peer 0x5e1c7d434760 (8 bytes)
1738056829.296435 write check file 2
1738056829.296810 peer 0x5e1c7d434760 message 304
1738056829.296831 write 37 to file 2
1738056829.296844 peer 0x5e1c7d434760 message 203
1738056829.296852 file 2 37 bytes left
1738056829.296874 write check file 2
1738056829.296881 client loop exit
